
Gurobi 12.0.3 (win64) logging started Sat Aug 16 19:37:30 2025

Set parameter LogFile to value "gurobi.log"
Set parameter TimeLimit to value 300
Set parameter MIPFocus to value 1
Set parameter MIPGap to value 0.01
Gurobi Optimizer version 12.0.3 build v12.0.3rc0 (win64 - Windows 11.0 (26100.2))

CPU model: 11th Gen Intel(R) Core(TM) i5-1135G7 @ 2.40GHz, instruction set [SSE2|AVX|AVX2|AVX512]
Thread count: 4 physical cores, 8 logical processors, using up to 8 threads

Non-default parameters:
TimeLimit  300
MIPGap  0.01
MIPFocus  1

Optimize a model with 9108 rows, 3419154 columns and 19994898 nonzeros
Model fingerprint: 0xa2ec2612
Variable types: 2034 continuous, 3417120 integer (3417120 binary)
Coefficient statistics:
  Matrix range     [1e+00, 7e+01]
  Objective range  [1e-01, 8e-01]
  Bounds range     [1e+00, 1e+00]
  RHS range        [1e+00, 4e+01]
Presolve removed 678 rows and 678 columns (presolve time = 5s)...
Presolve removed 678 rows and 678 columns (presolve time = 11s)...
Presolve removed 678 rows and 678 columns (presolve time = 15s)...
Presolve removed 1356 rows and 678 columns (presolve time = 20s)...
Presolve removed 1356 rows and 678 columns (presolve time = 25s)...
Presolve removed 1356 rows and 678 columns (presolve time = 30s)...
Presolve removed 1356 rows and 678 columns (presolve time = 35s)...
Presolve removed 1356 rows and 678 columns (presolve time = 40s)...
Presolve removed 1356 rows and 678 columns (presolve time = 45s)...
Presolve removed 1356 rows and 678 columns (presolve time = 50s)...
Presolve removed 1356 rows and 678 columns (presolve time = 55s)...
Presolve removed 1356 rows and 678 columns (presolve time = 60s)...
Presolve removed 1356 rows and 678 columns
Presolve time: 62.15s
Presolved: 7752 rows, 3418476 columns, 15122790 nonzeros
Variable types: 0 continuous, 3418476 integer (3417120 binary)
Found heuristic solution: objective 4247.8007325
Found heuristic solution: objective 3285.0946447
Deterministic concurrent LP optimizer: primal simplex, dual simplex, and barrier
Showing barrier log only...

Root barrier log...

Ordering time: 0.12s

Barrier statistics:
 AA' NZ     : 1.132e+06
 Factor NZ  : 1.686e+06 (roughly 150 MB of memory)
 Factor Ops : 1.261e+09 (less than 1 second per iteration)
 Threads    : 2

                  Objective                Residual
Iter       Primal          Dual         Primal    Dual     Compl     Time
   0   5.32476455e+06 -1.01460654e+08  2.06e+05 1.05e+01  1.53e+04   113s
   1   4.11007003e+06 -5.45708623e+07  1.45e+05 1.11e+01  1.08e+04   113s
   2   3.63045313e+06 -5.30062209e+07  1.16e+05 9.27e+00  8.68e+03   113s
   3   2.92595914e+06 -4.89228581e+07  7.32e+04 4.57e+00  5.49e+03   113s
   4   2.20455169e+06 -4.46097393e+07  2.54e+04 3.07e+00  1.96e+03   114s
   5   1.97448000e+06 -3.66562771e+07  1.18e+04 2.15e+00  9.38e+02   114s
   6   1.73050956e+06 -1.78160325e+07  6.81e+03 1.77e+00  5.55e+02   114s
   7   1.58021177e+06 -8.11379023e+06  4.20e+03 1.23e+00  3.46e+02   114s
   8   1.23838760e+06 -3.88346795e+06  1.98e+03 7.68e-01  1.66e+02   114s
   9   1.13236009e+06 -3.31793184e+06  1.62e+03 7.56e-01  1.37e+02   115s
  10   1.11146309e+06 -3.27955358e+06  1.56e+03 6.77e-01  1.32e+02   115s
  11   8.82882714e+05 -2.38251530e+06  1.09e+03 4.30e-01  9.35e+01   115s
  12   7.03164646e+05 -1.20235117e+06  7.41e+02 1.17e-01  6.09e+01   115s
  13   4.71041707e+05 -7.45267363e+05  4.20e+02 4.52e-02  3.33e+01   115s
  14   1.68465683e+05 -4.10048958e+05  1.09e+02 1.28e-13  8.99e+00   115s
  15   7.68781373e+04 -3.26617775e+05  4.51e+01 1.35e-13  3.86e+00   116s
  16   3.31930302e+04 -2.57266447e+05  1.65e+01 1.03e-13  1.57e+00   116s
  17   2.17380422e+04 -1.72941747e+05  9.17e+00 6.04e-14  8.89e-01   116s
  18   1.59694742e+04 -1.24360010e+05  5.55e+00 4.80e-14  5.72e-01   116s
  19   1.40174062e+04 -7.03148091e+04  4.31e+00 2.66e-14  4.30e-01   116s
  20   1.23349480e+04 -6.21733214e+04  3.07e+00 2.98e-14  3.30e-01   117s
  21   1.15661646e+04 -3.92538449e+04  2.59e+00 2.13e-14  2.79e-01   117s
  22   1.13488854e+04 -2.52475794e+04  2.47e+00 2.42e-14  2.53e-01   117s
  23   1.00065710e+04 -2.93411417e+04  1.84e+00 2.02e-14  1.87e-01   117s
  24   6.78187594e+03 -2.22386170e+04  1.23e+00 1.21e-14  1.22e-01   117s
  25   3.76269767e+03 -1.48545859e+04  2.02e-01 2.22e-14  3.99e-02   118s
  26   3.43112378e+03 -5.02080097e+03  1.49e-01 1.30e-13  1.69e-02   118s
  27   3.15666842e+03 -2.27053251e+03  1.10e-01 6.75e-14  1.02e-02   118s
  28   3.08766391e+03 -1.19970789e+03  1.02e-01 5.42e-14  7.98e-03   118s

Barrier performed 28 iterations in 118.12 seconds (74.96 work units)
Barrier solve interrupted - model solved by another algorithm

Concurrent spin time: 0.02s

Solved with primal simplex

Root simplex log...

Iteration    Objective       Primal Inf.    Dual Inf.      Time
   69434    1.2276420e+03   0.000000e+00   0.000000e+00    118s

Use crossover to convert LP symmetric solution to basic solution...

Root crossover log...

    2174 DPushes remaining with DInf 0.0000000e+00               119s
     234 DPushes remaining with DInf 0.0000000e+00               120s
       0 DPushes remaining with DInf 0.0000000e+00               125s

   11421 PPushes remaining with PInf 0.0000000e+00               125s
       0 PPushes remaining with PInf 0.0000000e+00               125s

  Push phase complete: Pinf 0.0000000e+00, Dinf 2.2892906e+00    125s


Root simplex log...

Iteration    Objective       Primal Inf.    Dual Inf.      Time
   83032    1.2276420e+03   0.000000e+00   2.289291e+00    125s
   83038    1.2276420e+03   0.000000e+00   0.000000e+00    126s

Root relaxation: objective 1.227642e+03, 83038 iterations, 20.75 seconds (12.93 work units)
Total elapsed time = 140.05s (DegenMoves)

    Nodes    |    Current Node    |     Objective Bounds      |     Work
 Expl Unexpl |  Obj  Depth IntInf | Incumbent    BestBd   Gap | It/Node Time

     0     0 1227.64198    0 3087 3285.09464 1227.64198  62.6%     -  156s
H    0     0                    1684.3593536 1227.64198  27.1%     -  159s
H    0     0                    1677.7972653 1227.64198  26.8%     -  159s
H    0     0                    1677.7747993 1227.64198  26.8%     -  159s
H    0     0                    1668.7763341 1227.64198  26.4%     -  224s
H    0     0                    1656.0351737 1227.64198  25.9%     -  240s
H    0     0                    1654.0577816 1227.64198  25.8%     -  283s

Explored 1 nodes (100832 simplex iterations) in 300.47 seconds (215.53 work units)
Thread count was 8 (of 8 available processors)

Solution count 8: 1654.06 1656.04 1668.78 ... 4247.8

Time limit reached
Best objective 1.654057781610e+03, best bound 1.227641981027e+03, gap 25.7800%

User-callback calls 20925, time in user-callback 0.32 sec
